// Jest Snapshot v1, https://goo.gl/fbAQLP

exports[`<Pagination /> should render the Pagination 1`] = `
.c2 {
  height: 23px;
  width: 23px;
  height: 23px;
  width: 23px;
}

.c0 {
  display: -webkit-box;
  display: -webkit-flex;
  display: -ms-flexbox;
  display: flex;
  -webkit-align-items: center;
  -webkit-box-align: center;
  -ms-flex-align: center;
  align-items: center;
  width: 100%;
  margin: 0 auto;
  max-width: 30rem;
  -webkit-box-pack: justify;
  -webkit-justify-content: space-between;
  -ms-flex-pack: justify;
  justify-content: space-between;
}

.c3 {
  display: -webkit-box;
  display: -webkit-flex;
  display: -ms-flexbox;
  display: flex;
  -webkit-align-items: center;
  -webkit-box-align: center;
  -ms-flex-align: center;
  align-items: center;
  gap: 1rem;
}

.c4 {
  border: none;
  background-color: transparent;
  cursor: pointer;
  font-family: 'Roboto';
  font-style: normal;
  font-weight: 700;
  font-size: 18px;
  line-height: 21px;
  -webkit-letter-spacing: 0.36px;
  -moz-letter-spacing: 0.36px;
  -ms-letter-spacing: 0.36px;
  letter-spacing: 0.36px;
  color: #000000;
  font-weight: 700;
}

.c5 {
  border: none;
  background-color: transparent;
  cursor: pointer;
  font-family: 'Roboto';
  font-style: normal;
  font-weight: 700;
  font-size: 18px;
  line-height: 21px;
  -webkit-letter-spacing: 0.36px;
  -moz-letter-spacing: 0.36px;
  -ms-letter-spacing: 0.36px;
  letter-spacing: 0.36px;
  color: #000000;
  font-weight: 400;
}

.c1 {
  border: none;
  background-color: transparent;
  cursor: pointer;
}

.c1:disabled {
  opacity: 0.3;
}

<div
  class="c0"
>
  <button
    class="c1"
    disabled=""
    title="previous"
  >
    <svg
      class="c2"
      size="23"
      viewBox="0 0 15 25"
      xmlns="http://www.w3.org/2000/svg"
    >
      <path
        d="M14.838 21.6311L5.75481 12.603L14.838 3.57486L12.0416 0.801514L0.142303 12.603L12.0416 24.4045L14.838 21.6311Z"
        stroke-width="0"
      />
    </svg>
  </button>
  <div
    class="c3"
  >
    <button
      class="c4"
      type="button"
    >
      1
    </button>
    <button
      class="c5"
      type="button"
    >
      2
    </button>
  </div>
  <button
    class="c1"
    title="next"
  >
    <svg
      class="c2"
      size="23"
      viewBox="0 0 16 25"
      xmlns="http://www.w3.org/2000/svg"
    >
      <path
        d="M0.749535 21.6311L9.83268 12.603L0.749535 3.57486L3.54587 0.801514L15.4452 12.603L3.54587 24.4045L0.749535 21.6311Z"
        stroke-width="0"
      />
    </svg>
  </button>
</div>
`;
